// Jest Snapshot v1, https://goo.gl/fbAQLP

exports[`<ParticipantsList /> should render table header and participant component 1`] = `
<div
  className="sc-eCImPb"
>
  <div
    className="sc-dkPtRN sc-jRQBWg bmFaAY dgjLOM"
  >
    <div
      className="sc-bdvvtL sc-gsDKAQ YGxmD juxHvi"
    >
      Id
    </div>
    <div
      className="sc-bdvvtL sc-gsDKAQ YGxmD juxHvi"
    >
      Participant Name
    </div>
    <div
      className="sc-bdvvtL sc-gsDKAQ YGxmD juxHvi"
    >
      ğŸ¥‡
    </div>
    <div
      className="sc-bdvvtL sc-gsDKAQ YGxmD juxHvi"
    >
      ğŸ¥ˆ
    </div>
    <div
      className="sc-bdvvtL sc-gsDKAQ YGxmD juxHvi"
    >
      ğŸ¥‰
    </div>
  </div>
  (Participant /)
</div>
`;
